[    1726ms] [INFO] %cDownload the React DevTools for a better development experience: https://react.dev/link/react-devtools font-weight:bold @ http://localhost:3000/_next/static/chunks/node_modules_next_dist_115brz8._.js:2431
[    1866ms] [LOG] [HMR] connected @ http://localhost:3000/_next/static/chunks/node_modules_next_dist_115brz8._.js:2431
[   17706ms] [LOG] [Fast Refresh] rebuilding @ http://localhost:3000/_next/static/chunks/node_modules_next_dist_115brz8._.js:2431
[   17847ms] [LOG] [Fast Refresh] done in 243ms @ http://localhost:3000/_next/static/chunks/node_modules_next_dist_115brz8._.js:2431
[   35310ms] [LOG] [Fast Refresh] rebuilding @ http://localhost:3000/_next/static/chunks/node_modules_next_dist_115brz8._.js:2431
[   35420ms] [LOG] [Fast Refresh] done in 212ms @ http://localhost:3000/_next/static/chunks/node_modules_next_dist_115brz8._.js:2431
[   45155ms] [LOG] [Fast Refresh] rebuilding @ http://localhost:3000/_next/static/chunks/node_modules_next_dist_115brz8._.js:2431
[   45255ms] [LOG] [Fast Refresh] done in 203ms @ http://localhost:3000/_next/static/chunks/node_modules_next_dist_115brz8._.js:2431
[   66482ms] [LOG] [Fast Refresh] rebuilding @ http://localhost:3000/_next/static/chunks/node_modules_next_dist_115brz8._.js:2431
[   67823ms] [LOG] [Fast Refresh] done in 1320ms @ http://localhost:3000/_next/static/chunks/node_modules_next_dist_115brz8._.js:2431
[   68313ms] [ERROR] Failed to load resource: the server responded with a status of 404 (Not Found) @ http://localhost:3000/studio-preview?_rsc=1c5yf:0
[   68361ms] [ERROR] Failed to load resource: the server responded with a status of 404 (Not Found) @ http://localhost:3000/studio-preview?_rsc=1c5yf:0
[   68413ms] [ERROR] Failed to load resource: the server responded with a status of 404 (Not Found) @ http://localhost:3000/studio-preview?_rsc=1c5yf:0
[   68542ms] [ERROR] Failed to load resource: the server responded with a status of 404 (Not Found) @ http://localhost:3000/studio-preview:0
[   68638ms] [INFO] %cDownload the React DevTools for a better development experience: https://react.dev/link/react-devtools font-weight:bold @ http://localhost:3000/_next/static/chunks/node_modules_next_dist_115brz8._.js:2431
[   68661ms] [LOG] [HMR] connected @ http://localhost:3000/_next/static/chunks/node_modules_next_dist_115brz8._.js:2431
[   79373ms] [ERROR] WebSocket connection to 'ws://localhost:3000/_next/webpack-hmr?id=PVPlz6boYwEMzTeU5IhhT' failed: Error in connection establishment: net::ERR_CONNECTION_REFUSED @ http://localhost:3000/_next/static/chunks/node_modules_next_dist_client_0fhqo1d._.js:13299
[   80376ms] [ERROR] WebSocket connection to 'ws://localhost:3000/_next/webpack-hmr?id=PVPlz6boYwEMzTeU5IhhT' failed: Error in connection establishment: net::ERR_CONNECTION_REFUSED @ http://localhost:3000/_next/static/chunks/node_modules_next_dist_client_0fhqo1d._.js:13299
[   81378ms] [ERROR] WebSocket connection to 'ws://localhost:3000/_next/webpack-hmr?id=PVPlz6boYwEMzTeU5IhhT' failed: Error in connection establishment: net::ERR_CONNECTION_REFUSED @ http://localhost:3000/_next/static/chunks/node_modules_next_dist_client_0fhqo1d._.js:13299
[   82380ms] [ERROR] WebSocket connection to 'ws://localhost:3000/_next/webpack-hmr?id=PVPlz6boYwEMzTeU5IhhT' failed: Error in connection establishment: net::ERR_CONNECTION_REFUSED @ http://localhost:3000/_next/static/chunks/node_modules_next_dist_client_0fhqo1d._.js:13299
[   83384ms] [ERROR] WebSocket connection to 'ws://localhost:3000/_next/webpack-hmr?id=PVPlz6boYwEMzTeU5IhhT' failed: Error in connection establishment: net::ERR_CONNECTION_REFUSED @ http://localhost:3000/_next/static/chunks/node_modules_next_dist_client_0fhqo1d._.js:13299
[   88387ms] [ERROR] WebSocket connection to 'ws://localhost:3000/_next/webpack-hmr?id=PVPlz6boYwEMzTeU5IhhT' failed: Error in connection establishment: net::ERR_CONNECTION_REFUSED @ http://localhost:3000/_next/static/chunks/node_modules_next_dist_client_0fhqo1d._.js:13299
[   93391ms] [ERROR] WebSocket connection to 'ws://localhost:3000/_next/webpack-hmr?id=PVPlz6boYwEMzTeU5IhhT' failed: Error in connection establishment: net::ERR_CONNECTION_REFUSED @ http://localhost:3000/_next/static/chunks/node_modules_next_dist_client_0fhqo1d._.js:13299
[   98394ms] [ERROR] WebSocket connection to 'ws://localhost:3000/_next/webpack-hmr?id=PVPlz6boYwEMzTeU5IhhT' failed: Error in connection establishment: net::ERR_CONNECTION_REFUSED @ http://localhost:3000/_next/static/chunks/node_modules_next_dist_client_0fhqo1d._.js:13299
[  103398ms] [ERROR] WebSocket connection to 'ws://localhost:3000/_next/webpack-hmr?id=PVPlz6boYwEMzTeU5IhhT' failed: Error in connection establishment: net::ERR_CONNECTION_REFUSED @ http://localhost:3000/_next/static/chunks/node_modules_next_dist_client_0fhqo1d._.js:13299
[  108403ms] [ERROR] WebSocket connection to 'ws://localhost:3000/_next/webpack-hmr?id=PVPlz6boYwEMzTeU5IhhT' failed: Error in connection establishment: net::ERR_CONNECTION_REFUSED @ http://localhost:3000/_next/static/chunks/node_modules_next_dist_client_0fhqo1d._.js:13299
[  113407ms] [ERROR] WebSocket connection to 'ws://localhost:3000/_next/webpack-hmr?id=PVPlz6boYwEMzTeU5IhhT' failed: Error in connection establishment: net::ERR_CONNECTION_REFUSED @ http://localhost:3000/_next/static/chunks/node_modules_next_dist_client_0fhqo1d._.js:13299
[  118412ms] [ERROR] WebSocket connection to 'ws://localhost:3000/_next/webpack-hmr?id=PVPlz6boYwEMzTeU5IhhT' failed: Error in connection establishment: net::ERR_CONNECTION_REFUSED @ http://localhost:3000/_next/static/chunks/node_modules_next_dist_client_0fhqo1d._.js:13299
