[    2481ms] [INFO] %cDownload the React DevTools for a better development experience: https://react.dev/link/react-devtools font-weight:bold @ http://localhost:3000/_next/static/chunks/node_modules_next_dist_115brz8._.js:2431
[    2619ms] [LOG] [HMR] connected @ http://localhost:3000/_next/static/chunks/node_modules_next_dist_115brz8._.js:2431
[    4846ms] [LOG] [Fast Refresh] rebuilding @ http://localhost:3000/_next/static/chunks/node_modules_next_dist_115brz8._.js:2431
[    4903ms] [LOG] [Fast Refresh] done in 158ms @ http://localhost:3000/_next/static/chunks/node_modules_next_dist_115brz8._.js:2431
[   32910ms] [LOG] [Fast Refresh] rebuilding @ http://localhost:3000/_next/static/chunks/node_modules_next_dist_115brz8._.js:2431
[   34968ms] [LOG] [Fast Refresh] done in 545ms @ http://localhost:3000/_next/static/chunks/node_modules_next_dist_115brz8._.js:2431
[   34970ms] [ERROR] Failed to load resource: the server responded with a status of 500 (Internal Server Error) @ http://localhost:3000/studio-preview?_rsc=1c5yf:0
[   35609ms] [ERROR] Failed to load resource: the server responded with a status of 404 (Not Found) @ http://localhost:3000/studio-preview?_rsc=1c5yf:0
[   35711ms] [ERROR] Failed to load resource: the server responded with a status of 404 (Not Found) @ http://localhost:3000/studio-preview:0
[   35785ms] [INFO] %cDownload the React DevTools for a better development experience: https://react.dev/link/react-devtools font-weight:bold @ http://localhost:3000/_next/static/chunks/node_modules_next_dist_115brz8._.js:2431
[   35798ms] [LOG] [HMR] connected @ http://localhost:3000/_next/static/chunks/node_modules_next_dist_115brz8._.js:2431
[   39890ms] [ERROR] WebSocket connection to 'ws://localhost:3000/_next/webpack-hmr?id=Gok6dCzZraVNJUtl8A5fh' failed: Error in connection establishment: net::ERR_CONNECTION_REFUSED @ http://localhost:3000/_next/static/chunks/node_modules_next_dist_client_0fhqo1d._.js:13299
[   40893ms] [ERROR] WebSocket connection to 'ws://localhost:3000/_next/webpack-hmr?id=Gok6dCzZraVNJUtl8A5fh' failed: Error in connection establishment: net::ERR_CONNECTION_REFUSED @ http://localhost:3000/_next/static/chunks/node_modules_next_dist_client_0fhqo1d._.js:13299
[   41895ms] [ERROR] WebSocket connection to 'ws://localhost:3000/_next/webpack-hmr?id=Gok6dCzZraVNJUtl8A5fh' failed: Error in connection establishment: net::ERR_CONNECTION_REFUSED @ http://localhost:3000/_next/static/chunks/node_modules_next_dist_client_0fhqo1d._.js:13299
[   42897ms] [ERROR] WebSocket connection to 'ws://localhost:3000/_next/webpack-hmr?id=Gok6dCzZraVNJUtl8A5fh' failed: Error in connection establishment: net::ERR_CONNECTION_REFUSED @ http://localhost:3000/_next/static/chunks/node_modules_next_dist_client_0fhqo1d._.js:13299
[   43900ms] [ERROR] WebSocket connection to 'ws://localhost:3000/_next/webpack-hmr?id=Gok6dCzZraVNJUtl8A5fh' failed: Error in connection establishment: net::ERR_CONNECTION_REFUSED @ http://localhost:3000/_next/static/chunks/node_modules_next_dist_client_0fhqo1d._.js:13299
[   48904ms] [ERROR] WebSocket connection to 'ws://localhost:3000/_next/webpack-hmr?id=Gok6dCzZraVNJUtl8A5fh' failed: Error in connection establishment: net::ERR_CONNECTION_REFUSED @ http://localhost:3000/_next/static/chunks/node_modules_next_dist_client_0fhqo1d._.js:13299
[   53908ms] [ERROR] WebSocket connection to 'ws://localhost:3000/_next/webpack-hmr?id=Gok6dCzZraVNJUtl8A5fh' failed: Error in connection establishment: net::ERR_CONNECTION_REFUSED @ http://localhost:3000/_next/static/chunks/node_modules_next_dist_client_0fhqo1d._.js:13299
[   58912ms] [ERROR] WebSocket connection to 'ws://localhost:3000/_next/webpack-hmr?id=Gok6dCzZraVNJUtl8A5fh' failed: Error in connection establishment: net::ERR_CONNECTION_REFUSED @ http://localhost:3000/_next/static/chunks/node_modules_next_dist_client_0fhqo1d._.js:13299
[   63914ms] [ERROR] WebSocket connection to 'ws://localhost:3000/_next/webpack-hmr?id=Gok6dCzZraVNJUtl8A5fh' failed: Error in connection establishment: net::ERR_CONNECTION_REFUSED @ http://localhost:3000/_next/static/chunks/node_modules_next_dist_client_0fhqo1d._.js:13299
[   68922ms] [ERROR] WebSocket connection to 'ws://localhost:3000/_next/webpack-hmr?id=Gok6dCzZraVNJUtl8A5fh' failed: Error in connection establishment: net::ERR_CONNECTION_REFUSED @ http://localhost:3000/_next/static/chunks/node_modules_next_dist_client_0fhqo1d._.js:13299
[   73928ms] [ERROR] WebSocket connection to 'ws://localhost:3000/_next/webpack-hmr?id=Gok6dCzZraVNJUtl8A5fh' failed: Error in connection establishment: net::ERR_CONNECTION_REFUSED @ http://localhost:3000/_next/static/chunks/node_modules_next_dist_client_0fhqo1d._.js:13299
[   78931ms] [ERROR] WebSocket connection to 'ws://localhost:3000/_next/webpack-hmr?id=Gok6dCzZraVNJUtl8A5fh' failed: Error in connection establishment: net::ERR_CONNECTION_REFUSED @ http://localhost:3000/_next/static/chunks/node_modules_next_dist_client_0fhqo1d._.js:13299
