[    1565ms] [INFO] %cDownload the React DevTools for a better development experience: https://react.dev/link/react-devtools font-weight:bold @ http://localhost:3000/_next/static/chunks/node_modules_next_dist_115brz8._.js:2431
[    1674ms] [LOG] [HMR] connected @ http://localhost:3000/_next/static/chunks/node_modules_next_dist_115brz8._.js:2431
[    3478ms] [LOG] [Fast Refresh] rebuilding @ http://localhost:3000/_next/static/chunks/node_modules_next_dist_115brz8._.js:2431
[    3555ms] [LOG] [Fast Refresh] done in 178ms @ http://localhost:3000/_next/static/chunks/node_modules_next_dist_115brz8._.js:2431
[   31837ms] [LOG] [Fast Refresh] rebuilding @ http://localhost:3000/_next/static/chunks/node_modules_next_dist_115brz8._.js:2431
[   32022ms] [LOG] [Fast Refresh] done in 286ms @ http://localhost:3000/_next/static/chunks/node_modules_next_dist_115brz8._.js:2431
[   45889ms] [LOG] [Fast Refresh] rebuilding @ http://localhost:3000/_next/static/chunks/node_modules_next_dist_115brz8._.js:2431
[   45993ms] [LOG] [Fast Refresh] done in 204ms @ http://localhost:3000/_next/static/chunks/node_modules_next_dist_115brz8._.js:2431
[   65652ms] [LOG] [Fast Refresh] rebuilding @ http://localhost:3000/_next/static/chunks/node_modules_next_dist_115brz8._.js:2431
[   65775ms] [LOG] [Fast Refresh] done in 225ms @ http://localhost:3000/_next/static/chunks/node_modules_next_dist_115brz8._.js:2431
[  143894ms] [ERROR] WebSocket connection to 'ws://localhost:3000/_next/webpack-hmr?id=gC0oFgA8U39GXlZSdhF66' failed: Error in connection establishment: net::ERR_CONNECTION_REFUSED @ http://localhost:3000/_next/static/chunks/node_modules_next_dist_client_0fhqo1d._.js:13299
[  144898ms] [ERROR] WebSocket connection to 'ws://localhost:3000/_next/webpack-hmr?id=gC0oFgA8U39GXlZSdhF66' failed: Error in connection establishment: net::ERR_CONNECTION_REFUSED @ http://localhost:3000/_next/static/chunks/node_modules_next_dist_client_0fhqo1d._.js:13299
[  145901ms] [ERROR] WebSocket connection to 'ws://localhost:3000/_next/webpack-hmr?id=gC0oFgA8U39GXlZSdhF66' failed: Error in connection establishment: net::ERR_CONNECTION_REFUSED @ http://localhost:3000/_next/static/chunks/node_modules_next_dist_client_0fhqo1d._.js:13299
[  146904ms] [ERROR] WebSocket connection to 'ws://localhost:3000/_next/webpack-hmr?id=gC0oFgA8U39GXlZSdhF66' failed: Error in connection establishment: net::ERR_CONNECTION_REFUSED @ http://localhost:3000/_next/static/chunks/node_modules_next_dist_client_0fhqo1d._.js:13299
[  147906ms] [ERROR] WebSocket connection to 'ws://localhost:3000/_next/webpack-hmr?id=gC0oFgA8U39GXlZSdhF66' failed: Error in connection establishment: net::ERR_CONNECTION_REFUSED @ http://localhost:3000/_next/static/chunks/node_modules_next_dist_client_0fhqo1d._.js:13299
[  152908ms] [ERROR] WebSocket connection to 'ws://localhost:3000/_next/webpack-hmr?id=gC0oFgA8U39GXlZSdhF66' failed: Error in connection establishment: net::ERR_CONNECTION_REFUSED @ http://localhost:3000/_next/static/chunks/node_modules_next_dist_client_0fhqo1d._.js:13299
[  157917ms] [ERROR] WebSocket connection to 'ws://localhost:3000/_next/webpack-hmr?id=gC0oFgA8U39GXlZSdhF66' failed: Error in connection establishment: net::ERR_CONNECTION_REFUSED @ http://localhost:3000/_next/static/chunks/node_modules_next_dist_client_0fhqo1d._.js:13299
[  162922ms] [ERROR] WebSocket connection to 'ws://localhost:3000/_next/webpack-hmr?id=gC0oFgA8U39GXlZSdhF66' failed: Error in connection establishment: net::ERR_CONNECTION_REFUSED @ http://localhost:3000/_next/static/chunks/node_modules_next_dist_client_0fhqo1d._.js:13299
[  167927ms] [ERROR] WebSocket connection to 'ws://localhost:3000/_next/webpack-hmr?id=gC0oFgA8U39GXlZSdhF66' failed: Error in connection establishment: net::ERR_CONNECTION_REFUSED @ http://localhost:3000/_next/static/chunks/node_modules_next_dist_client_0fhqo1d._.js:13299
[  172933ms] [ERROR] WebSocket connection to 'ws://localhost:3000/_next/webpack-hmr?id=gC0oFgA8U39GXlZSdhF66' failed: Error in connection establishment: net::ERR_CONNECTION_REFUSED @ http://localhost:3000/_next/static/chunks/node_modules_next_dist_client_0fhqo1d._.js:13299
[  177941ms] [ERROR] WebSocket connection to 'ws://localhost:3000/_next/webpack-hmr?id=gC0oFgA8U39GXlZSdhF66' failed: Error in connection establishment: net::ERR_CONNECTION_REFUSED @ http://localhost:3000/_next/static/chunks/node_modules_next_dist_client_0fhqo1d._.js:13299
[  182952ms] [ERROR] WebSocket connection to 'ws://localhost:3000/_next/webpack-hmr?id=gC0oFgA8U39GXlZSdhF66' failed: Error in connection establishment: net::ERR_CONNECTION_REFUSED @ http://localhost:3000/_next/static/chunks/node_modules_next_dist_client_0fhqo1d._.js:13299
