[     575ms] [LOG] [Fast Refresh] rebuilding @ http://localhost:3000/_next/static/chunks/node_modules_next_dist_115brz8._.js:2431
[    5521ms] [LOG] [Fast Refresh] done in 5041ms @ http://localhost:3000/_next/static/chunks/node_modules_next_dist_115brz8._.js:2431
[    7219ms] [INFO] %cDownload the React DevTools for a better development experience: https://react.dev/link/react-devtools font-weight:bold @ http://localhost:3000/_next/static/chunks/node_modules_next_dist_115brz8._.js:2431
[    7300ms] [LOG] [HMR] connected @ http://localhost:3000/_next/static/chunks/node_modules_next_dist_115brz8._.js:2431
[    7459ms] [LOG] [Fast Refresh] rebuilding @ http://localhost:3000/_next/static/chunks/node_modules_next_dist_115brz8._.js:2431
[    7511ms] [LOG] [Fast Refresh] done in 173ms @ http://localhost:3000/_next/static/chunks/node_modules_next_dist_115brz8._.js:2431
[    7692ms] [LOG] [Fast Refresh] rebuilding @ http://localhost:3000/_next/static/chunks/node_modules_next_dist_115brz8._.js:2431
[    9080ms] [LOG] [Fast Refresh] done in 1491ms @ http://localhost:3000/_next/static/chunks/node_modules_next_dist_115brz8._.js:2431
[   33312ms] [ERROR] WebSocket connection to 'ws://localhost:3000/_next/webpack-hmr?id=B5rgvAt5nO4wKx1UQYXRl' failed: Error in connection establishment: net::ERR_CONNECTION_REFUSED @ http://localhost:3000/_next/static/chunks/node_modules_next_dist_client_0fhqo1d._.js:13299
[   34315ms] [ERROR] WebSocket connection to 'ws://localhost:3000/_next/webpack-hmr?id=B5rgvAt5nO4wKx1UQYXRl' failed: Error in connection establishment: net::ERR_CONNECTION_REFUSED @ http://localhost:3000/_next/static/chunks/node_modules_next_dist_client_0fhqo1d._.js:13299
[   35318ms] [ERROR] WebSocket connection to 'ws://localhost:3000/_next/webpack-hmr?id=B5rgvAt5nO4wKx1UQYXRl' failed: Error in connection establishment: net::ERR_CONNECTION_REFUSED @ http://localhost:3000/_next/static/chunks/node_modules_next_dist_client_0fhqo1d._.js:13299
[   36320ms] [ERROR] WebSocket connection to 'ws://localhost:3000/_next/webpack-hmr?id=B5rgvAt5nO4wKx1UQYXRl' failed: Error in connection establishment: net::ERR_CONNECTION_REFUSED @ http://localhost:3000/_next/static/chunks/node_modules_next_dist_client_0fhqo1d._.js:13299
[   37325ms] [ERROR] WebSocket connection to 'ws://localhost:3000/_next/webpack-hmr?id=B5rgvAt5nO4wKx1UQYXRl' failed: Error in connection establishment: net::ERR_CONNECTION_REFUSED @ http://localhost:3000/_next/static/chunks/node_modules_next_dist_client_0fhqo1d._.js:13299
[   42327ms] [ERROR] WebSocket connection to 'ws://localhost:3000/_next/webpack-hmr?id=B5rgvAt5nO4wKx1UQYXRl' failed: Error in connection establishment: net::ERR_CONNECTION_REFUSED @ http://localhost:3000/_next/static/chunks/node_modules_next_dist_client_0fhqo1d._.js:13299
[   47330ms] [ERROR] WebSocket connection to 'ws://localhost:3000/_next/webpack-hmr?id=B5rgvAt5nO4wKx1UQYXRl' failed: Error in connection establishment: net::ERR_CONNECTION_REFUSED @ http://localhost:3000/_next/static/chunks/node_modules_next_dist_client_0fhqo1d._.js:13299
[   52334ms] [ERROR] WebSocket connection to 'ws://localhost:3000/_next/webpack-hmr?id=B5rgvAt5nO4wKx1UQYXRl' failed: Error in connection establishment: net::ERR_CONNECTION_REFUSED @ http://localhost:3000/_next/static/chunks/node_modules_next_dist_client_0fhqo1d._.js:13299
[   57336ms] [ERROR] WebSocket connection to 'ws://localhost:3000/_next/webpack-hmr?id=B5rgvAt5nO4wKx1UQYXRl' failed: Error in connection establishment: net::ERR_CONNECTION_REFUSED @ http://localhost:3000/_next/static/chunks/node_modules_next_dist_client_0fhqo1d._.js:13299
[   62339ms] [ERROR] WebSocket connection to 'ws://localhost:3000/_next/webpack-hmr?id=B5rgvAt5nO4wKx1UQYXRl' failed: Error in connection establishment: net::ERR_CONNECTION_REFUSED @ http://localhost:3000/_next/static/chunks/node_modules_next_dist_client_0fhqo1d._.js:13299
[   67341ms] [ERROR] WebSocket connection to 'ws://localhost:3000/_next/webpack-hmr?id=B5rgvAt5nO4wKx1UQYXRl' failed: Error in connection establishment: net::ERR_CONNECTION_REFUSED @ http://localhost:3000/_next/static/chunks/node_modules_next_dist_client_0fhqo1d._.js:13299
[   72344ms] [ERROR] WebSocket connection to 'ws://localhost:3000/_next/webpack-hmr?id=B5rgvAt5nO4wKx1UQYXRl' failed: Error in connection establishment: net::ERR_CONNECTION_REFUSED @ http://localhost:3000/_next/static/chunks/node_modules_next_dist_client_0fhqo1d._.js:13299
